[2025-10-17 18:43:13,268: INFO: main: Welcome to our custom logging]
[2025-10-30 12:34:08,113: ERROR: 3479513565: [Errno 2] No such file or directory: 'config.yaml']
Traceback (most recent call last):
  File "C:\Users\deepa\AppData\Local\Temp\ipykernel_5976\3479513565.py", line 4, in <module>
    config_manager = ConfigurationManager()
                     ^^^^^^^^^^^^^^^^^^^^^^
  File "C:\Users\deepa\AppData\Local\Temp\ipykernel_5976\532316774.py", line 10, in __init__
    self.config = read_yaml(config_filepath)
                  ^^^^^^^^^^^^^^^^^^^^^^^^^^
  File "c:\Users\deepa\.conda\envs\textS\Lib\site-packages\ensure\main.py", line 849, in __call__
    return_val = self.f(*args, **kwargs)
                 ^^^^^^^^^^^^^^^^^^^^^^^
  File "D:\Deepak_Work\AI-Projects\AI-Projects\Text Summarizer Project\src\TextSummarizer\utils\common.py", line 35, in read_yaml
    raise e
  File "D:\Deepak_Work\AI-Projects\AI-Projects\Text Summarizer Project\src\TextSummarizer\utils\common.py", line 28, in read_yaml
    with open(path_to_yaml) as yaml_file:
         ^^^^^^^^^^^^^^^^^^
FileNotFoundError: [Errno 2] No such file or directory: 'config.yaml'
[2025-10-30 12:35:09,958: INFO: common: yaml file: config\config.yaml loaded sucessfully]
[2025-10-30 12:35:09,960: INFO: common: yaml file: params.yaml loaded sucessfully]
[2025-10-30 12:35:09,962: INFO: common: created directory at: artifacts]
[2025-10-30 12:35:09,963: INFO: common: created directory at: artifacts/data_ingestion]
[2025-10-30 12:35:09,964: INFO: 3790782038: Starting data download...]
[2025-10-30 12:35:11,066: INFO: 3790782038: Data downloaded successfully! and is saved at artifacts\data_ingestion\data.zip and the file size is ~ 182 KB]
[2025-10-30 12:35:11,066: INFO: 3790782038: Starting data extraction...]
[2025-10-30 12:35:11,178: ERROR: 3479513565: File is not a zip file]
Traceback (most recent call last):
  File "C:\Users\deepa\AppData\Local\Temp\ipykernel_18516\3479513565.py", line 9, in <module>
    data_ingestion.extract_zip_file(
  File "C:\Users\deepa\AppData\Local\Temp\ipykernel_18516\3790782038.py", line 23, in extract_zip_file
    with zipfile.ZipFile(zip_file_path, 'r') as zip_ref:
         ^^^^^^^^^^^^^^^^^^^^^^^^^^^^^^^^^^^
  File "c:\Users\deepa\.conda\envs\textS\Lib\zipfile.py", line 1313, in __init__
    self._RealGetContents()
  File "c:\Users\deepa\.conda\envs\textS\Lib\zipfile.py", line 1380, in _RealGetContents
    raise BadZipFile("File is not a zip file")
zipfile.BadZipFile: File is not a zip file
[2025-10-30 12:37:27,272: INFO: common: yaml file: config\config.yaml loaded sucessfully]
[2025-10-30 12:37:27,272: INFO: common: yaml file: params.yaml loaded sucessfully]
[2025-10-30 12:37:27,278: INFO: common: created directory at: artifacts]
[2025-10-30 12:37:27,281: INFO: common: created directory at: artifacts/data_ingestion]
[2025-10-30 12:37:27,282: INFO: 3790782038: Starting data download...]
[2025-10-30 12:37:27,284: INFO: 3790782038: File already exists of size ~ 182 KB]
[2025-10-30 12:37:27,286: INFO: 3790782038: Starting data extraction...]
[2025-10-30 12:37:27,288: ERROR: 3479513565: File is not a zip file]
Traceback (most recent call last):
  File "C:\Users\deepa\AppData\Local\Temp\ipykernel_4476\3479513565.py", line 9, in <module>
    data_ingestion.extract_zip_file(
  File "C:\Users\deepa\AppData\Local\Temp\ipykernel_4476\3790782038.py", line 23, in extract_zip_file
    with zipfile.ZipFile(zip_file_path, 'r') as zip_ref:
         ^^^^^^^^^^^^^^^^^^^^^^^^^^^^^^^^^^^
  File "c:\Users\deepa\.conda\envs\textS\Lib\zipfile.py", line 1313, in __init__
    self._RealGetContents()
  File "c:\Users\deepa\.conda\envs\textS\Lib\zipfile.py", line 1380, in _RealGetContents
    raise BadZipFile("File is not a zip file")
zipfile.BadZipFile: File is not a zip file
[2025-10-30 12:38:16,536: INFO: common: yaml file: config\config.yaml loaded sucessfully]
[2025-10-30 12:38:16,539: INFO: common: yaml file: params.yaml loaded sucessfully]
[2025-10-30 12:38:16,540: INFO: common: created directory at: artifacts]
[2025-10-30 12:38:16,540: INFO: common: created directory at: artifacts/data_ingestion]
[2025-10-30 12:38:16,540: INFO: 3790782038: Starting data download...]
[2025-10-30 12:38:16,540: INFO: 3790782038: File already exists of size ~ 182 KB]
[2025-10-30 12:38:16,540: INFO: 3790782038: Starting data extraction...]
[2025-10-30 12:38:16,540: ERROR: 3479513565: File is not a zip file]
Traceback (most recent call last):
  File "C:\Users\deepa\AppData\Local\Temp\ipykernel_7056\3479513565.py", line 9, in <module>
    data_ingestion.extract_zip_file(
  File "C:\Users\deepa\AppData\Local\Temp\ipykernel_7056\3790782038.py", line 23, in extract_zip_file
    with zipfile.ZipFile(zip_file_path, 'r') as zip_ref:
         ^^^^^^^^^^^^^^^^^^^^^^^^^^^^^^^^^^^
  File "c:\Users\deepa\.conda\envs\textS\Lib\zipfile.py", line 1313, in __init__
    self._RealGetContents()
  File "c:\Users\deepa\.conda\envs\textS\Lib\zipfile.py", line 1380, in _RealGetContents
    raise BadZipFile("File is not a zip file")
zipfile.BadZipFile: File is not a zip file
[2025-10-30 12:39:54,511: INFO: common: yaml file: config\config.yaml loaded sucessfully]
[2025-10-30 12:39:54,518: INFO: common: yaml file: params.yaml loaded sucessfully]
[2025-10-30 12:39:54,521: INFO: common: created directory at: artifacts]
[2025-10-30 12:39:54,523: INFO: common: created directory at: artifacts/data_ingestion]
[2025-10-30 12:39:54,524: INFO: 3790782038: Starting data download...]
[2025-10-30 12:39:54,526: INFO: 3790782038: File already exists of size ~ 182 KB]
[2025-10-30 12:39:54,527: INFO: 3790782038: Starting data extraction...]
[2025-10-30 12:39:54,529: ERROR: 3479513565: File is not a zip file]
Traceback (most recent call last):
  File "C:\Users\deepa\AppData\Local\Temp\ipykernel_9924\3479513565.py", line 9, in <module>
    data_ingestion.extract_zip_file(
  File "C:\Users\deepa\AppData\Local\Temp\ipykernel_9924\3790782038.py", line 23, in extract_zip_file
    with zipfile.ZipFile(zip_file_path, 'r') as zip_ref:
         ^^^^^^^^^^^^^^^^^^^^^^^^^^^^^^^^^^^
  File "c:\Users\deepa\.conda\envs\textS\Lib\zipfile.py", line 1313, in __init__
    self._RealGetContents()
  File "c:\Users\deepa\.conda\envs\textS\Lib\zipfile.py", line 1380, in _RealGetContents
    raise BadZipFile("File is not a zip file")
zipfile.BadZipFile: File is not a zip file
[2025-10-30 12:41:28,422: INFO: common: yaml file: config\config.yaml loaded sucessfully]
[2025-10-30 12:41:28,423: INFO: common: yaml file: params.yaml loaded sucessfully]
[2025-10-30 12:41:28,428: INFO: common: created directory at: artifacts]
[2025-10-30 12:41:28,430: INFO: common: created directory at: artifacts/data_ingestion]
[2025-10-30 12:41:28,431: INFO: 3790782038: Starting data download...]
[2025-10-30 12:41:28,433: INFO: 3790782038: File already exists of size ~ 182 KB]
[2025-10-30 12:41:28,435: INFO: 3790782038: Starting data extraction...]
[2025-10-30 12:41:28,436: ERROR: 3479513565: File is not a zip file]
Traceback (most recent call last):
  File "C:\Users\deepa\AppData\Local\Temp\ipykernel_19988\3479513565.py", line 9, in <module>
    data_ingestion.extract_zip_file(
  File "C:\Users\deepa\AppData\Local\Temp\ipykernel_19988\3790782038.py", line 23, in extract_zip_file
    with zipfile.ZipFile(zip_file_path, 'r') as zip_ref:
         ^^^^^^^^^^^^^^^^^^^^^^^^^^^^^^^^^^^
  File "c:\Users\deepa\.conda\envs\textS\Lib\zipfile.py", line 1313, in __init__
    self._RealGetContents()
  File "c:\Users\deepa\.conda\envs\textS\Lib\zipfile.py", line 1380, in _RealGetContents
    raise BadZipFile("File is not a zip file")
zipfile.BadZipFile: File is not a zip file
[2025-10-30 12:42:33,709: ERROR: 3479513565: [Errno 2] No such file or directory: 'config\\config.yaml']
Traceback (most recent call last):
  File "C:\Users\deepa\AppData\Local\Temp\ipykernel_12860\3479513565.py", line 4, in <module>
    config_manager = ConfigurationManager()
                     ^^^^^^^^^^^^^^^^^^^^^^
  File "C:\Users\deepa\AppData\Local\Temp\ipykernel_12860\532316774.py", line 10, in __init__
    self.config = read_yaml(config_filepath)
                  ^^^^^^^^^^^^^^^^^^^^^^^^^^
  File "c:\Users\deepa\.conda\envs\textS\Lib\site-packages\ensure\main.py", line 849, in __call__
    return_val = self.f(*args, **kwargs)
                 ^^^^^^^^^^^^^^^^^^^^^^^
  File "D:\Deepak_Work\AI-Projects\AI-Projects\Text Summarizer Project\src\TextSummarizer\utils\common.py", line 35, in read_yaml
    raise e
  File "D:\Deepak_Work\AI-Projects\AI-Projects\Text Summarizer Project\src\TextSummarizer\utils\common.py", line 28, in read_yaml
    with open(path_to_yaml) as yaml_file:
         ^^^^^^^^^^^^^^^^^^
FileNotFoundError: [Errno 2] No such file or directory: 'config\\config.yaml'
[2025-10-30 12:42:51,100: INFO: common: yaml file: config\config.yaml loaded sucessfully]
[2025-10-30 12:42:51,102: INFO: common: yaml file: params.yaml loaded sucessfully]
[2025-10-30 12:42:51,104: INFO: common: created directory at: artifacts]
[2025-10-30 12:42:51,104: INFO: common: created directory at: artifacts/data_ingestion]
[2025-10-30 12:42:51,107: INFO: 3790782038: Starting data download...]
[2025-10-30 12:42:53,886: INFO: 3790782038: Data downloaded successfully! and is saved at artifacts\data_ingestion\data.zip and the file size is ~ 8073 KB]
[2025-10-30 12:42:53,886: INFO: 3790782038: Starting data extraction...]
[2025-10-30 12:42:54,048: INFO: 3790782038: Data extracted successfully at artifacts\data_ingestion]
[2025-10-30 22:23:00,378: INFO: common: yaml file: config\config.yaml loaded sucessfully]
[2025-10-30 22:23:00,385: INFO: common: yaml file: params.yaml loaded sucessfully]
[2025-10-30 22:23:00,388: INFO: common: created directory at: artifacts]
[2025-10-30 22:23:00,392: INFO: common: created directory at: artifacts/data_ingestion]
[2025-10-30 22:23:00,397: INFO: 3790782038: Starting data download...]
[2025-10-30 22:23:28,633: INFO: 3790782038: Data downloaded successfully! and is saved at artifacts\data_ingestion\data.zip and the file size is ~ 8073 KB]
[2025-10-30 22:23:28,635: INFO: 3790782038: Starting data extraction...]
[2025-10-30 22:23:28,784: INFO: 3790782038: Data extracted successfully at artifacts\data_ingestion]
[2025-11-01 17:17:01,189: INFO: main: >>>>>> stage Data Ingestion Stage started <<<<<<]
[2025-11-01 17:17:01,222: INFO: common: yaml file: config\config.yaml loaded sucessfully]
[2025-11-01 17:17:01,240: INFO: common: yaml file: params.yaml loaded sucessfully]
[2025-11-01 17:17:01,240: INFO: common: created directory at: artifacts]
[2025-11-01 17:17:01,240: INFO: common: created directory at: artifacts/data_ingestion]
[2025-11-01 17:17:01,247: ERROR: main: module 'TextSummarizer.logging' has no attribute 'info']
Traceback (most recent call last):
  File "D:\Deepak_Work\AI-Projects\AI-Projects\Text Summarizer Project\main.py", line 8, in <module>
    data_ingestion.main()
  File "D:\Deepak_Work\AI-Projects\AI-Projects\Text Summarizer Project\src\TextSummarizer\pipeline\stage_01_data_ingestion.py", line 13, in main
    data_ingestion.download_data()
  File "D:\Deepak_Work\AI-Projects\AI-Projects\Text Summarizer Project\src\TextSummarizer\components\data_ingestion.py", line 21, in download_data
    logger.info("Starting data download...")
    ^^^^^^^^^^^
AttributeError: module 'TextSummarizer.logging' has no attribute 'info'
[2025-11-01 17:18:24,977: INFO: common: yaml file: config\config.yaml loaded sucessfully]
[2025-11-01 17:18:24,980: INFO: common: yaml file: params.yaml loaded sucessfully]
[2025-11-01 17:18:24,980: INFO: common: created directory at: artifacts]
[2025-11-01 17:18:24,984: INFO: common: created directory at: artifacts/data_ingestion]
[2025-11-01 17:18:24,984: INFO: 3790782038: Starting data download...]
[2025-11-01 17:18:28,623: INFO: 3790782038: Data downloaded successfully! and is saved at artifacts\data_ingestion\data.zip and the file size is ~ 8073 KB]
[2025-11-01 17:18:28,623: INFO: 3790782038: Starting data extraction...]
[2025-11-01 17:18:28,849: INFO: 3790782038: Data extracted successfully at artifacts\data_ingestion]
[2025-11-08 16:19:41,555: INFO: common: yaml file: config\config.yaml loaded sucessfully]
[2025-11-08 16:19:41,597: INFO: common: yaml file: params.yaml loaded sucessfully]
[2025-11-08 16:19:41,601: INFO: common: created directory at: artifacts]
[2025-11-08 16:19:41,603: ERROR: 568175145: 'ConfigurationManager' object has no attribute 'get_data_validation_config']
Traceback (most recent call last):
  File "C:\Users\deepa\AppData\Local\Temp\ipykernel_25472\568175145.py", line 3, in <module>
    data_validation_config = config_manager.get_data_validation_config()
                             ^^^^^^^^^^^^^^^^^^^^^^^^^^^^^^^^^^^^^^^^^
AttributeError: 'ConfigurationManager' object has no attribute 'get_data_validation_config'
[2025-11-08 16:21:29,001: ERROR: 568175145: [Errno 2] No such file or directory: 'config\\config.yaml']
Traceback (most recent call last):
  File "C:\Users\deepa\AppData\Local\Temp\ipykernel_25472\568175145.py", line 2, in <module>
    config_manager = ConfigurationManager()
                     ^^^^^^^^^^^^^^^^^^^^^^
  File "C:\Users\deepa\AppData\Local\Temp\ipykernel_25472\837464024.py", line 10, in __init__
    self.config = read_yaml(config_filepath)
                  ^^^^^^^^^^^^^^^^^^^^^^^^^^
  File "c:\Users\deepa\.conda\envs\textS\Lib\site-packages\ensure\main.py", line 849, in __call__
    return_val = self.f(*args, **kwargs)
                 ^^^^^^^^^^^^^^^^^^^^^^^
  File "D:\Deepak_Work\AI-Projects\AI-Projects\Text Summarizer Project\src\TextSummarizer\utils\common.py", line 35, in read_yaml
    raise e
  File "D:\Deepak_Work\AI-Projects\AI-Projects\Text Summarizer Project\src\TextSummarizer\utils\common.py", line 28, in read_yaml
    with open(path_to_yaml) as yaml_file:
         ^^^^^^^^^^^^^^^^^^
FileNotFoundError: [Errno 2] No such file or directory: 'config\\config.yaml'
[2025-11-08 16:22:12,233: ERROR: 2695422100: [Errno 2] No such file or directory: 'config\\config.yaml']
Traceback (most recent call last):
  File "C:\Users\deepa\AppData\Local\Temp\ipykernel_25472\2695422100.py", line 3, in <module>
    config_manager = ConfigurationManager()
                     ^^^^^^^^^^^^^^^^^^^^^^
  File "C:\Users\deepa\AppData\Local\Temp\ipykernel_25472\837464024.py", line 10, in __init__
    self.config = read_yaml(config_filepath)
                  ^^^^^^^^^^^^^^^^^^^^^^^^^^
  File "c:\Users\deepa\.conda\envs\textS\Lib\site-packages\ensure\main.py", line 849, in __call__
    return_val = self.f(*args, **kwargs)
                 ^^^^^^^^^^^^^^^^^^^^^^^
  File "D:\Deepak_Work\AI-Projects\AI-Projects\Text Summarizer Project\src\TextSummarizer\utils\common.py", line 35, in read_yaml
    raise e
  File "D:\Deepak_Work\AI-Projects\AI-Projects\Text Summarizer Project\src\TextSummarizer\utils\common.py", line 28, in read_yaml
    with open(path_to_yaml) as yaml_file:
         ^^^^^^^^^^^^^^^^^^
FileNotFoundError: [Errno 2] No such file or directory: 'config\\config.yaml'
[2025-11-08 16:32:01,816: INFO: common: yaml file: config\config.yaml loaded sucessfully]
[2025-11-08 16:32:01,830: INFO: common: yaml file: params.yaml loaded sucessfully]
[2025-11-08 16:32:01,835: INFO: common: created directory at: artifacts]
[2025-11-08 16:35:14,210: INFO: common: yaml file: config\config.yaml loaded sucessfully]
[2025-11-08 16:35:14,213: INFO: common: yaml file: params.yaml loaded sucessfully]
[2025-11-08 16:35:14,215: INFO: common: created directory at: artifacts]
[2025-11-08 16:35:44,907: INFO: common: yaml file: config\config.yaml loaded sucessfully]
[2025-11-08 16:35:44,912: INFO: common: yaml file: params.yaml loaded sucessfully]
[2025-11-08 16:35:44,920: INFO: common: created directory at: artifacts]
[2025-11-08 16:35:44,924: INFO: common: created directory at: artifacts/data_validation]
[2025-11-08 16:38:18,433: INFO: common: yaml file: config\config.yaml loaded sucessfully]
[2025-11-08 16:38:18,436: INFO: common: yaml file: params.yaml loaded sucessfully]
[2025-11-08 16:38:18,439: INFO: common: created directory at: artifacts]
[2025-11-08 16:38:18,442: INFO: common: created directory at: artifacts/data_validation]
[2025-11-08 16:39:26,244: INFO: common: yaml file: config\config.yaml loaded sucessfully]
[2025-11-08 16:39:26,248: INFO: common: yaml file: params.yaml loaded sucessfully]
[2025-11-08 16:39:26,251: INFO: common: created directory at: artifacts]
[2025-11-08 16:39:26,255: INFO: common: created directory at: artifacts/data_validation]
[2025-11-08 16:40:15,290: INFO: common: yaml file: config\config.yaml loaded sucessfully]
[2025-11-08 16:40:15,294: INFO: common: yaml file: params.yaml loaded sucessfully]
[2025-11-08 16:40:15,298: INFO: common: created directory at: artifacts]
[2025-11-08 16:40:15,302: INFO: common: created directory at: artifacts/data_validation]
[2025-11-08 16:43:59,567: INFO: common: yaml file: config\config.yaml loaded sucessfully]
[2025-11-08 16:43:59,575: INFO: common: yaml file: params.yaml loaded sucessfully]
[2025-11-08 16:43:59,583: INFO: common: created directory at: artifacts]
[2025-11-08 16:43:59,587: INFO: common: created directory at: artifacts/data_ingestion]
[2025-11-08 16:43:59,590: INFO: 3790782038: Starting data download...]
[2025-11-08 16:44:00,879: ERROR: 3479513565: <urlopen error [Errno 11001] getaddrinfo failed>]
Traceback (most recent call last):
  File "c:\Users\deepa\.conda\envs\textS\Lib\urllib\request.py", line 1348, in do_open
    h.request(req.get_method(), req.selector, req.data, headers,
  File "c:\Users\deepa\.conda\envs\textS\Lib\http\client.py", line 1303, in request
    self._send_request(method, url, body, headers, encode_chunked)
  File "c:\Users\deepa\.conda\envs\textS\Lib\http\client.py", line 1349, in _send_request
    self.endheaders(body, encode_chunked=encode_chunked)
  File "c:\Users\deepa\.conda\envs\textS\Lib\http\client.py", line 1298, in endheaders
    self._send_output(message_body, encode_chunked=encode_chunked)
  File "c:\Users\deepa\.conda\envs\textS\Lib\http\client.py", line 1058, in _send_output
    self.send(msg)
  File "c:\Users\deepa\.conda\envs\textS\Lib\http\client.py", line 996, in send
    self.connect()
  File "c:\Users\deepa\.conda\envs\textS\Lib\http\client.py", line 1468, in connect
    super().connect()
  File "c:\Users\deepa\.conda\envs\textS\Lib\http\client.py", line 962, in connect
    self.sock = self._create_connection(
                ^^^^^^^^^^^^^^^^^^^^^^^^
  File "c:\Users\deepa\.conda\envs\textS\Lib\socket.py", line 839, in create_connection
    for res in getaddrinfo(host, port, 0, SOCK_STREAM):
               ^^^^^^^^^^^^^^^^^^^^^^^^^^^^^^^^^^^^^^^
  File "c:\Users\deepa\.conda\envs\textS\Lib\socket.py", line 974, in getaddrinfo
    for res in _socket.getaddrinfo(host, port, family, type, proto, flags):
               ^^^^^^^^^^^^^^^^^^^^^^^^^^^^^^^^^^^^^^^^^^^^^^^^^^^^^^^^^^^
socket.gaierror: [Errno 11001] getaddrinfo failed

During handling of the above exception, another exception occurred:

Traceback (most recent call last):
  File "C:\Users\deepa\AppData\Local\Temp\ipykernel_18360\3479513565.py", line 7, in <module>
    zip_file_path = data_ingestion.download_data()
                    ^^^^^^^^^^^^^^^^^^^^^^^^^^^^^^
  File "C:\Users\deepa\AppData\Local\Temp\ipykernel_18360\3790782038.py", line 8, in download_data
    filename, headers = request.urlretrieve(
                        ^^^^^^^^^^^^^^^^^^^^
  File "c:\Users\deepa\.conda\envs\textS\Lib\urllib\request.py", line 241, in urlretrieve
    with contextlib.closing(urlopen(url, data)) as fp:
                            ^^^^^^^^^^^^^^^^^^
  File "c:\Users\deepa\.conda\envs\textS\Lib\urllib\request.py", line 216, in urlopen
    return opener.open(url, data, timeout)
           ^^^^^^^^^^^^^^^^^^^^^^^^^^^^^^^
  File "c:\Users\deepa\.conda\envs\textS\Lib\urllib\request.py", line 519, in open
    response = self._open(req, data)
               ^^^^^^^^^^^^^^^^^^^^^
  File "c:\Users\deepa\.conda\envs\textS\Lib\urllib\request.py", line 536, in _open
    result = self._call_chain(self.handle_open, protocol, protocol +
             ^^^^^^^^^^^^^^^^^^^^^^^^^^^^^^^^^^^^^^^^^^^^^^^^^^^^^^^
  File "c:\Users\deepa\.conda\envs\textS\Lib\urllib\request.py", line 496, in _call_chain
    result = func(*args)
             ^^^^^^^^^^^
  File "c:\Users\deepa\.conda\envs\textS\Lib\urllib\request.py", line 1391, in https_open
    return self.do_open(http.client.HTTPSConnection, req,
           ^^^^^^^^^^^^^^^^^^^^^^^^^^^^^^^^^^^^^^^^^^^^^^
  File "c:\Users\deepa\.conda\envs\textS\Lib\urllib\request.py", line 1351, in do_open
    raise URLError(err)
urllib.error.URLError: <urlopen error [Errno 11001] getaddrinfo failed>
[2025-11-08 16:44:25,102: INFO: common: yaml file: config\config.yaml loaded sucessfully]
[2025-11-08 16:44:25,107: INFO: common: yaml file: params.yaml loaded sucessfully]
[2025-11-08 16:44:25,111: INFO: common: created directory at: artifacts]
[2025-11-08 16:44:25,117: INFO: common: created directory at: artifacts/data_ingestion]
[2025-11-08 16:44:25,120: INFO: 3790782038: Starting data download...]
[2025-11-08 16:44:25,738: ERROR: 3479513565: <urlopen error [Errno 11001] getaddrinfo failed>]
Traceback (most recent call last):
  File "c:\Users\deepa\.conda\envs\textS\Lib\urllib\request.py", line 1348, in do_open
    h.request(req.get_method(), req.selector, req.data, headers,
  File "c:\Users\deepa\.conda\envs\textS\Lib\http\client.py", line 1303, in request
    self._send_request(method, url, body, headers, encode_chunked)
  File "c:\Users\deepa\.conda\envs\textS\Lib\http\client.py", line 1349, in _send_request
    self.endheaders(body, encode_chunked=encode_chunked)
  File "c:\Users\deepa\.conda\envs\textS\Lib\http\client.py", line 1298, in endheaders
    self._send_output(message_body, encode_chunked=encode_chunked)
  File "c:\Users\deepa\.conda\envs\textS\Lib\http\client.py", line 1058, in _send_output
    self.send(msg)
  File "c:\Users\deepa\.conda\envs\textS\Lib\http\client.py", line 996, in send
    self.connect()
  File "c:\Users\deepa\.conda\envs\textS\Lib\http\client.py", line 1468, in connect
    super().connect()
  File "c:\Users\deepa\.conda\envs\textS\Lib\http\client.py", line 962, in connect
    self.sock = self._create_connection(
                ^^^^^^^^^^^^^^^^^^^^^^^^
  File "c:\Users\deepa\.conda\envs\textS\Lib\socket.py", line 839, in create_connection
    for res in getaddrinfo(host, port, 0, SOCK_STREAM):
               ^^^^^^^^^^^^^^^^^^^^^^^^^^^^^^^^^^^^^^^
  File "c:\Users\deepa\.conda\envs\textS\Lib\socket.py", line 974, in getaddrinfo
    for res in _socket.getaddrinfo(host, port, family, type, proto, flags):
               ^^^^^^^^^^^^^^^^^^^^^^^^^^^^^^^^^^^^^^^^^^^^^^^^^^^^^^^^^^^
socket.gaierror: [Errno 11001] getaddrinfo failed

During handling of the above exception, another exception occurred:

Traceback (most recent call last):
  File "C:\Users\deepa\AppData\Local\Temp\ipykernel_8984\3479513565.py", line 7, in <module>
    zip_file_path = data_ingestion.download_data()
                    ^^^^^^^^^^^^^^^^^^^^^^^^^^^^^^
  File "C:\Users\deepa\AppData\Local\Temp\ipykernel_8984\3790782038.py", line 8, in download_data
    filename, headers = request.urlretrieve(
                        ^^^^^^^^^^^^^^^^^^^^
  File "c:\Users\deepa\.conda\envs\textS\Lib\urllib\request.py", line 241, in urlretrieve
    with contextlib.closing(urlopen(url, data)) as fp:
                            ^^^^^^^^^^^^^^^^^^
  File "c:\Users\deepa\.conda\envs\textS\Lib\urllib\request.py", line 216, in urlopen
    return opener.open(url, data, timeout)
           ^^^^^^^^^^^^^^^^^^^^^^^^^^^^^^^
  File "c:\Users\deepa\.conda\envs\textS\Lib\urllib\request.py", line 519, in open
    response = self._open(req, data)
               ^^^^^^^^^^^^^^^^^^^^^
  File "c:\Users\deepa\.conda\envs\textS\Lib\urllib\request.py", line 536, in _open
    result = self._call_chain(self.handle_open, protocol, protocol +
             ^^^^^^^^^^^^^^^^^^^^^^^^^^^^^^^^^^^^^^^^^^^^^^^^^^^^^^^
  File "c:\Users\deepa\.conda\envs\textS\Lib\urllib\request.py", line 496, in _call_chain
    result = func(*args)
             ^^^^^^^^^^^
  File "c:\Users\deepa\.conda\envs\textS\Lib\urllib\request.py", line 1391, in https_open
    return self.do_open(http.client.HTTPSConnection, req,
           ^^^^^^^^^^^^^^^^^^^^^^^^^^^^^^^^^^^^^^^^^^^^^^
  File "c:\Users\deepa\.conda\envs\textS\Lib\urllib\request.py", line 1351, in do_open
    raise URLError(err)
urllib.error.URLError: <urlopen error [Errno 11001] getaddrinfo failed>
[2025-11-08 16:45:39,629: INFO: common: yaml file: config\config.yaml loaded sucessfully]
[2025-11-08 16:45:39,633: INFO: common: yaml file: params.yaml loaded sucessfully]
[2025-11-08 16:45:39,636: INFO: common: created directory at: artifacts]
[2025-11-08 16:45:39,638: INFO: common: created directory at: artifacts/data_ingestion]
[2025-11-08 16:45:39,640: INFO: 3790782038: Starting data download...]
[2025-11-08 16:45:54,753: INFO: 3790782038: Data downloaded successfully! and is saved at artifacts\data_ingestion\data.zip and the file size is ~ 8073 KB]
[2025-11-08 16:45:54,758: INFO: 3790782038: Starting data extraction...]
[2025-11-08 16:45:55,074: INFO: 3790782038: Data extracted successfully at artifacts\data_ingestion]
[2025-11-08 16:47:02,706: INFO: common: yaml file: config\config.yaml loaded sucessfully]
[2025-11-08 16:47:02,715: INFO: common: yaml file: params.yaml loaded sucessfully]
[2025-11-08 16:47:02,720: INFO: common: created directory at: artifacts]
[2025-11-08 16:47:02,724: INFO: common: created directory at: artifacts/data_validation]
[2025-11-08 16:53:30,430: INFO: common: yaml file: config\config.yaml loaded sucessfully]
[2025-11-08 16:53:30,437: INFO: common: yaml file: params.yaml loaded sucessfully]
[2025-11-08 16:53:30,441: INFO: common: created directory at: artifacts]
[2025-11-08 16:53:30,445: INFO: common: created directory at: artifacts/data_validation]
